                                                       
                                                       
                                                       
                                                       
                                                       
                                                       
                                                       
                                                       
                                                       
                                                       
                                 - - - - - - - - - -   
                                |XXXXXXXXX|XXXXXXXXX|  
                         - - O - X - - - X X - - - X   
                        |XXIXXXXXX|     |X|XXXO   OX|  
                         X - - - X       X - X -   X   
                        |XXX|XXX|XO     |XXX|XXX| OX|  
                         - X X - X       - X - X   X   
                          |X|XXXXX|       |XXXXX| OX|  
                         - X - - -   -     - O O   X   
                        |XXX|       |X|           OX|  
                         X -   - - - X             X   
                        |X|   |XXXXXXX|           OX|  
                         X O O X - - X - - O - - - X   
                        |XXXXXXXO   |XXXXXXXXXXXXXXX|  
                         - - - -     - - - - - - - -   
                                                       
                                                       
