                                                       
                                                       
                                                       
                                                       
                                                       
                                                       
                                                       
                                                       
                                                       
                                                       
                                 - - - - - - - - - -   
                                |XXXXXXXXX|XXXXXXXXX|  
                         - - O - X - - - X X - - - X   
                        |XX0XXXXXX|XXXXX|X|XXXXXXXXX|  
                         X - - - X X - - X - X - - X   
                        |XXX|XXX|XXX|   |XXX|XXX|3XX|  
                         - X X - X -     - X - X - X   
                          |X|XXXXX|       |XXXXX|XXX|  
                         - X - - -   -     - O O - X   
                        |XXX|       |X|           OX|  
                         X -   - - - X             X   
                        |X|   |XXXXXXX|           OX|  
                         X O O X - - X - - O - - - X   
                        |XXXXXXXO   |XXXXXXXXXXXXXXX|  
                         - - - -     - - - - - - - -   
                                                       
                                                       
