                                                       
                                                       
                                                       
                                                       
                                                       
                                                       
                                                       
                                                       
                                                       
                                                       
                                 - - - - -             
                                |XXXXXXXXX|            
                           - O - X - - - O             
                          OIXXXXXX|                    
                           - - - O                     
                                                       
                                                       
                                                       
                                                       
                                                       
                                                       
                                                       
                                                       
                                                       
                                                       
                                                       
                                                       
